node.exe : npm warn Unknown env config "devdir". This will stop working in the next major version of npm. See `npm help
 npmrc` for supported config options.
위치 줄:1 문자:1
+ & "C:\Program Files\nodejs/node.exe" "C:\Program Files\nodejs/node_mo ...
+ ~~~~~~~~~~~~~~~~~~~~~~~~~~~~~~~~~~~~~~~~~~~~~~~~~~~~~~~~~~~~~~~~~~~~~
    + CategoryInfo          : NotSpecified: (npm warn Unknow...config options.:String) [], RemoteException
    + FullyQualifiedErrorId : NativeCommandError
 
??1. validateGetFormulaCloseStatus accepts valid formulaId (2.6445ms)
??1b. validateGetFormulaCloseStatus rejects missing formulaId (0.9673ms)
??1c. validateGetFormulaCloseStatus rejects empty formulaId (0.2307ms)
??2. validateCloseFormula accepts valid formulaId (0.2243ms)
??2b. validateCloseFormula allows closedBy null (0.1902ms)
??2c. validateCloseFormula rejects empty closedBy (0.2ms)
??Close integration flow (1515.661ms)
??6. getFormulaCloseStatus returns ActionError 404 for missing formula (9.3933ms)
??1a. validateCreateCompany passes valid payload (1.5978ms)
??1b. validateCreateCompany rejects missing companyName (0.6543ms)
??1c. validateCreateCompany rejects empty companyName (0.2401ms)
??1d. validateCreateCompany rejects companyName longer than 200 (0.2192ms)
??1e. validateCreateCompany rejects businessRegNo longer than 20 (0.2228ms)
??1f. validateCreateCompany rejects representativeName longer than 100 (0.203ms)
??1g. validateCreateCompany rejects mainPhone longer than 30 (0.2597ms)
??2a. validateListCompanies passes empty input (defaults applied downstream) (0.2487ms)
??2b. validateListCompanies rejects page less than 1 (0.2154ms)
??2c. validateListCompanies rejects pageSize below 1 (0.293ms)
??2d. validateListCompanies rejects pageSize above 100 (0.2397ms)
??2e. validateListCompanies parses isActive string true/false (0.1534ms)
??3a. validateCompanyId passes valid id (0.1642ms)
??3b. validateCompanyId rejects missing companyId (0.1704ms)
??3c. validateCompanyId rejects empty companyId (0.1561ms)
??Company DB integration and HTTP smoke
  ??4. createCompany returns snake_case response with timestamps (509.7291ms)
  ??5. duplicate business_reg_no returns ActionError 409 (3.1338ms)
  ??6a. getCompanyById returns existing company (3.0263ms)
  ??6b. getCompanyById missing company returns ActionError 404 (1.9028ms)
  ??7a. listCompanies returns items/total/page/page_size with defaults (122.2124ms)
  ??7b. listCompanies is_active filter (101.98ms)
  ??8a. HTTP POST /api/v1/companies returns 201 (51.7574ms)
  ??8b. HTTP GET /api/v1/companies/:companyId returns 200 (2.4579ms)
  ??8c. HTTP GET /api/v1/companies returns 200 (4.6831ms)
  ??8d. HTTP duplicate business_reg_no returns 409 (3.5162ms)
??Company DB integration and HTTP smoke (2024.3543ms)
??1. validateFormulaIdInput accepts valid formulaId (1.4349ms)
??1b. validateFormulaIdInput rejects missing formulaId (0.6647ms)
??1c. validateFormulaIdInput rejects empty formulaId (0.2201ms)
??2. validateDashboardListInput accepts valid filters and defaults (0.4085ms)
??2b. validateDashboardListInput applies default limit and offset (0.1952ms)
??2c. validateDashboardListInput rejects invalid dateFrom (0.2367ms)
??2d. validateDashboardListInput rejects invalid dateTo (0.2244ms)
??2e. validateDashboardListInput rejects dateFrom after dateTo (0.2311ms)
??2f. validateDashboardListInput rejects limit below 1 (0.3001ms)
??2g. validateDashboardListInput rejects limit above 100 (0.3842ms)
??2h. validateDashboardListInput rejects negative offset (0.1886ms)
??Dashboard integration flow (1463.656ms)
??1a. validateCancelFormula passes with valid payload (1.9827ms)
??1b. validateCancelFormula rejects missing formulaId (0.6901ms)
??1c. validateCancelFormula rejects missing cancelReason (0.5182ms)
??1d. validateCancelFormula rejects empty cancelReason (0.2341ms)
??1e. validateCancelFormula rejects missing changedBy (0.272ms)
??1f. validateCancelFormula rejects empty changedBy (0.2088ms)
??1g. validateCancelFormula rejects forbidden field quantity (0.2375ms)
??1h. validateCancelFormula rejects forbidden field version (0.296ms)
??1i. validateCancelFormula rejects forbidden partial status field tradeStatus (0.2866ms)
??Formula Cancel integration flow
  ??2-5. cancelFormula sets 6 statuses, writes 6 status_logs and 1 audit_log, no version artifacts (288.6811ms)
  ??6. already canceled formula rejects second cancel with ActionError 409 (58.7351ms)
  ??7. closed formula rejects cancelFormula with ActionError 409 (49.8648ms)
  ??8. missing formula returns ActionError 404 (1.7883ms)
  ??9. cancelFormula preserves payment_record is_canceled (71.7639ms)
  ??10a. HTTP POST /api/v1/formulas/:formulaId/cancel returns 200 (58.8353ms)
  ??10b. HTTP POST cancel with invalid body returns 400 (5.9965ms)
  ??10c. HTTP POST cancel on missing formula returns 404 (2.7464ms)
  ??10d. HTTP POST cancel on already canceled formula returns 409 (28.3817ms)
??Formula Cancel integration flow (2271.2802ms)
??1. validateCreateFormula converts valid payload to CreateFormulaInput (1.3887ms)
??5. DOMESTIC trade rejects foreignCurrency with ValidationError (0.6963ms)
??6. DOMESTIC trade rejects exchange rates with ValidationError (0.2539ms)
??7. quantity <= 0 throws ValidationError (0.2876ms)
??Formula create and read integration flow (500.2461ms)
??1a. validatePatchFormula passes with content only (1.2764ms)
??1b. validatePatchFormula passes with note only (0.1779ms)
??1c. validatePatchFormula passes with unit only (0.2577ms)
??1d. validatePatchFormula passes with content, note, and unit (0.2051ms)
??1e. validatePatchFormula rejects empty patch body (0.5469ms)
??1f. validatePatchFormula rejects forbidden field quantity (0.2026ms)
??1g. validatePatchFormula rejects forbidden field trade_status (0.1935ms)
??1h. validatePatchFormula rejects forbidden field is_closed (0.1691ms)
??1i. validatePatchFormula rejects unit length over 50 (0.2284ms)
??Formula PATCH integration flow
  ??2. patchFormula updates metadata without version artifacts (235.4379ms)
  ??3. closed formula rejects patchFormula with ActionError 409 (58.979ms)
  ??4. missing formula returns ActionError 404 (2.0053ms)
  ??5a. HTTP PATCH /api/v1/formulas/:formulaId returns 200 (45.9634ms)
  ??5b. HTTP PATCH with invalid body returns 400 (1.8298ms)
  ??5c. HTTP PATCH on closed formula returns 409 (15.7999ms)
  ??5d. HTTP PATCH on missing formula returns 404 (2.7905ms)
??Formula PATCH integration flow (2013.6841ms)
??1. Health Route GET /api/v1/health (3101.44ms)
??2. Settlement Payment Schedule Validation returns 400 when participant_id is missing (21.9041ms)
??3. Settlement Note Validation returns 400 when note is empty (15.6338ms)
??HTTP settlement DB integration flow
  ??4a. Open Formula POST settlement/payment-schedules returns 409 (10.0211ms)
  ??4b. Open Formula POST settlement/notes returns 409 (3.3482ms)
  ??5a. Missing Formula POST settlement/payment-schedules returns 404 (2.7097ms)
  ??5b. Missing Formula POST settlement/notes returns 404 (2.4393ms)
??HTTP settlement DB integration flow (323.691ms)
??1. validateCreateInvoice accepts valid payload (1.3146ms)
??1b. validateCreateInvoice rejects missing formulaId (0.7554ms)
??1c. validateCreateInvoice rejects missing issuerParticipantId (0.2469ms)
??1d. validateCreateInvoice rejects missing receiverParticipantId (0.2034ms)
??1e. validateCreateInvoice rejects sequenceOrder < 1 (0.223ms)
??1f. validateCreateInvoice rejects issueAmount <= 0 (0.2204ms)
??2. validateUpdateInvoiceStatus accepts valid status (0.2784ms)
??2b. validateUpdateInvoiceStatus rejects empty string (0.1809ms)
??2c. validateUpdateInvoiceStatus rejects invalid InvoiceStatus (0.2878ms)
??Invoice create, sync, and read integration flow (970.1242ms)
??5. getInvoiceById returns ActionError 404 for missing invoice (9.6275ms)
??1a. validateCreateLogistics passes valid payload (11.0425ms)
??1b. validateCreateLogistics rejects missing formulaId (0.8182ms)
??1c. validateCreateLogistics rejects missing carrierCompanyId (0.2305ms)
??1d. validateCreateLogistics rejects missing totalLogisticsCost (0.2043ms)
??1e. validateCreateLogistics rejects negative totalLogisticsCost (0.2577ms)
??1f. validateCreateLogistics rejects invalid costType (0.2677ms)
??1g. validateCreateLogistics rejects invalid scheduledDate (0.2704ms)
??1h. validateCreateLogistics rejects missing version payload (0.2317ms)
??1i. validateCreateLogistics rejects missing calculation.netProfit (0.2784ms)
??2a. validateUpdateLogisticsStatus passes valid payload (0.353ms)
??2b. validateUpdateLogisticsStatus rejects missing formulaId (0.2584ms)
??2c. validateUpdateLogisticsStatus rejects missing status (0.2147ms)
??2d. validateUpdateLogisticsStatus rejects invalid status (0.1972ms)
??2e. validateUpdateLogisticsStatus rejects missing changedBy (0.2095ms)
??2f. validateUpdateLogisticsStatus rejects empty changedBy (0.2212ms)
??2g. validateUpdateLogisticsStatus rejects missing changeReason (0.234ms)
??2h. validateUpdateLogisticsStatus rejects empty changeReason (2.3837ms)
??Logistics integration flow
  ??3. createLogistics creates logistics and version artifacts (239.5268ms)
  ??4a. cost_bearer rule rejects positive cost without bearer with ActionError 400 (36.6666ms)
  ??4b. zero totalLogisticsCost without costBearerCompanyId succeeds (61.4653ms)
  ??5a. missing carrierCompanyId returns ActionError 404 (17.4081ms)
  ??5b. missing costBearerCompanyId returns ActionError 404 (32.3091ms)
  ??6. closed formula rejects createLogistics and updateLogisticsStatus with ActionError 409 (67.3729ms)
  ??7. updateLogisticsStatus updates formula status and creates status_log only (133.8383ms)
  ??8a. HTTP POST /api/v1/formulas/:formulaId/logistics returns 201 (63.3491ms)
  ??8b. HTTP GET /api/v1/formulas/:formulaId/logistics returns 200 (4.2747ms)
  ??8c. HTTP GET /api/v1/logistics/:logisticsId returns 200 (5.5579ms)
  ??8d. HTTP PATCH /api/v1/formulas/:formulaId/logistics-status returns 200 (11.2431ms)
  ??8e. HTTP POST with invalid body returns 400 (2.0483ms)
  ??Action listLogisticsByFormulaId returns created logistics (1.9696ms)
??Logistics integration flow (2092.1838ms)
??1a. validateCreateParticipant passes valid payload (1.6805ms)
??1b. validateCreateParticipant rejects missing formulaId (0.6048ms)
??1c. validateCreateParticipant rejects missing companyId (0.2211ms)
??1d. validateCreateParticipant rejects missing sequenceOrder (0.2281ms)
??1e. validateCreateParticipant rejects sequenceOrder 0 (0.2088ms)
??1f. validateCreateParticipant rejects missing roleGroup (0.5177ms)
??1g. validateCreateParticipant rejects invalid roleGroup (0.2957ms)
??1h. validateCreateParticipant rejects missing version payload (0.2037ms)
??1i. validateCreateParticipant rejects missing calculation.netProfit (4.1206ms)
??1j. validateCreateParticipant allows omitted quantity (0.3123ms)
??Participant integration flow
  ??2. createParticipant creates participant and version artifacts (225.6896ms)
  ??3. createParticipant inherits formula quantity when body.quantity is omitted (110.2126ms)
  ??4. duplicate sequence_order returns ActionError 409 (88.1868ms)
  ??5a. duplicate is_start_point returns ActionError 409 (80.2462ms)
  ??5b. duplicate is_end_point returns ActionError 409 (65.2408ms)
  ??6. same company_id with different sequence_order is allowed (117.9331ms)
  ??7. missing company_id returns ActionError 404 (24.468ms)
  ??8. closed formula rejects createParticipant with ActionError 409 (38.3746ms)
  ??9a. HTTP POST /api/v1/formulas/:formulaId/participants returns 201 (64.3621ms)
  ??9b. HTTP GET /api/v1/formulas/:formulaId/participants returns 200 (3.9926ms)
  ??9c. HTTP GET /api/v1/participants/:participantId returns 200 (3.513ms)
  ??9d. HTTP POST with invalid body returns 400 (1.916ms)
  ??Action listParticipantsByFormulaId returns created participants (2.0538ms)
??Participant integration flow (2348.0903ms)
??1. validateCreatePaymentSchedule returns scheduledAmount for valid payload (1.9823ms)
??1b. validateCreatePaymentSchedule rejects amount <= 0 (0.921ms)
??1c. validateCreatePaymentSchedule rejects missing formulaId (0.2153ms)
??1d. validateCreatePaymentSchedule rejects missing participantId (0.1949ms)
??2. validateCreatePaymentRecord returns actualAmount for valid payload (0.3864ms)
??2b. validateCreatePaymentRecord rejects amount <= 0 (0.1608ms)
??2c. validateCreatePaymentRecord rejects missing formulaId (0.1713ms)
??2d. validateCreatePaymentRecord rejects missing participantId (0.1772ms)
??3. validateCancelPaymentRecord accepts valid cancelReason (4.7144ms)
??3b. validateCancelPaymentRecord rejects empty and whitespace cancelReason (0.9385ms)
??Payment schedule/record/cancel integration flow (507.974ms)
??1. validateCreateSettlementPaymentSchedule accepts valid payload (1.0751ms)
??1b. validateCreateSettlementPaymentSchedule rejects missing formulaId (0.5328ms)
??1c. validateCreateSettlementPaymentSchedule rejects missing participantId (0.2164ms)
??1d. validateCreateSettlementPaymentSchedule rejects missing direction (0.1609ms)
??1e. validateCreateSettlementPaymentSchedule rejects invalid direction (0.1375ms)
??1f. validateCreateSettlementPaymentSchedule rejects scheduledAmount <= 0 (0.1584ms)
??1g. validateCreateSettlementPaymentSchedule rejects invalid dueDate (0.1497ms)
??2. validateCreateSettlementNote accepts valid payload (0.2574ms)
??2b. validateCreateSettlementNote rejects missing formulaId (0.1963ms)
??2c. validateCreateSettlementNote rejects missing note (0.2807ms)
??2d. validateCreateSettlementNote rejects empty note (0.2068ms)
??2e. validateCreateSettlementNote rejects empty issueType (0.2022ms)
??2f. validateCreateSettlementNote rejects empty changedBy (0.1758ms)
??Settlement integration flow (487.9866ms)
??1. validateCreateShare accepts valid payload (1.4231ms)
??1b. validateCreateShare rejects missing formulaId (0.5408ms)
??1c. validateCreateShare rejects missing participantId (0.2406ms)
??1d. validateCreateShare rejects missing shareType (0.2264ms)
??1e. validateCreateShare rejects missing shareAmount and shareRate (0.2494ms)
??1f. validateCreateShare rejects negative shareAmount (0.2204ms)
??1g. validateCreateShare rejects negative shareRate (0.25ms)
??1h. validateCreateShare rejects missing version payload (0.221ms)
??2. validateUpdateShare rejects missing change values (0.3146ms)
??2b. validateUpdateShare rejects negative shareAmount (0.2744ms)
??2c. validateUpdateShare rejects negative shareRate (0.1965ms)
??2d. validateUpdateShare rejects missing version payload (0.1985ms)
??3. validateDeleteShare rejects missing version payload (0.1752ms)
??8. ShareActions reject missing version payload with ActionError 400 (0.2701ms)
??Share create, update, delete integration flow (634.6699ms)
??9. getShareById returns ActionError 404 for missing share (5.8386ms)
??1. validateCreateVersion accepts valid payload (1.1337ms)
??1b. validateCreateVersion accepts negative netProfit (0.1328ms)
??2. validateCreateVersion rejects missing formulaId (0.3834ms)
??2b. validateCreateVersion rejects missing changedBy (0.1421ms)
??2c. validateCreateVersion rejects missing changeReason (0.1502ms)
??2d. validateCreateVersion rejects missing calculation (0.1223ms)
??2e. validateCreateVersion rejects missing netProfit (0.1615ms)
??Version create and read integration flow (263.0915ms)
??9. createVersion retries once after P2002 and writes VERSION_RETRY audit log (61.7304ms)
??10. createVersion throws VersionConflictError after retry exhaustion (38.7877ms)
??tests 212
??suites 0
??pass 208
??fail 4
??cancelled 0
??skipped 0
??todo 0
??duration_ms 23644.0982

??failing tests:

test at src\tests\payment.integration.test.ts:1:6482
??Payment schedule/record/cancel integration flow (507.974ms)
  PrismaClientValidationError: 
  Invalid `prisma.paymentRecord.create()` invocation in
  F:\002.?몄＜?묒뾽\000.WebApp\TOCS\src\repositories\payment.repository.ts:42:33
  
    39 
    40 export class PaymentRecordRepository {
    41   async createRecord(data: PaymentRecordCreateData): Promise<PaymentRecord> {
  ??42     return prisma.paymentRecord.create({
             data: {
               formulaId: "d978499c-f7b4-4c65-bbd4-1ad9bf72939d",
               direction: "IN",
               actualAmount: 500000,
               actualDate: "2026-12-01",
                           ~~~~~~~~~~~~
               paymentScheduleId: "3b347f33-e679-4519-9c27-7e636e1d2efd",
               participantId: "2efab17c-ed09-441b-89cc-d89512764853",
               status: "PENDING"
             }
           })
  
  Invalid value for argument `actualDate`: premature end of input. Expected ISO-8601 DateTime.
      at throwValidationException (F:\002.?몄＜?묒뾽\000.WebApp\TOCS\node_modules\@prisma\client\src\runtime\core\errorRendering\throwValidationException.ts:46:9)
      at zr.handleRequestError (F:\002.?몄＜?묒뾽\000.WebApp\TOCS\node_modules\@prisma\client\src\runtime\RequestHandler.ts:211:7)
      at zr.handleAndLogRequestError (F:\002.?몄＜?묒뾽\000.WebApp\TOCS\node_modules\@prisma\client\src\runtime\RequestHandler.ts:183:12)
      at zr.request (F:\002.?몄＜?묒뾽\000.WebApp\TOCS\node_modules\@prisma\client\src\runtime\RequestHandler.ts:152:12)
      at process.processTicksAndRejections (node:internal/process/task_queues:104:5)
      at async a (F:\002.?몄＜?묒뾽\000.WebApp\TOCS\node_modules\@prisma\client\src\runtime\getPrismaClient.ts:963:24)
      at async PaymentRecordActions.createPaymentRecord (F:\002.?몄＜?묒뾽\000.WebApp\TOCS\src\actions\payment.actions.ts:291:22)
      at async TestContext.<anonymous> (F:\002.?몄＜?묒뾽\000.WebApp\TOCS\src\tests\payment.integration.test.ts:386:18)
      at async Test.run (node:internal/test_runner/test:1332:7)
      at async Test.processPendingSubtests (node:internal/test_runner/test:911:7)

test at src\tests\share.integration.test.ts:1:10422
??Share create, update, delete integration flow (634.6699ms)
  PrismaClientKnownRequestError: 
  Invalid `prisma.share.delete()` invocation in
  F:\002.?몄＜?묒뾽\000.WebApp\TOCS\src\tests\share.integration.test.ts:244:24
  
    241 }
    242 
    243 for (const id of params.shareIds) {
  ??244   await prisma.share.delete(
  An operation failed because it depends on one or more records that were required but not found. No record was found for a delete.
      at zr.handleRequestError (F:\002.?몄＜?묒뾽\000.WebApp\TOCS\node_modules\@prisma\client\src\runtime\RequestHandler.ts:237:13)
      at zr.handleAndLogRequestError (F:\002.?몄＜?묒뾽\000.WebApp\TOCS\node_modules\@prisma\client\src\runtime\RequestHandler.ts:183:12)
      at zr.request (F:\002.?몄＜?묒뾽\000.WebApp\TOCS\node_modules\@prisma\client\src\runtime\RequestHandler.ts:152:12)
      at process.processTicksAndRejections (node:internal/process/task_queues:104:5)
      at async a (F:\002.?몄＜?묒뾽\000.WebApp\TOCS\node_modules\@prisma\client\src\runtime\getPrismaClient.ts:963:24)
      at async cleanupShareTestArtifacts (F:\002.?몄＜?묒뾽\000.WebApp\TOCS\src\tests\share.integration.test.ts:244:5)
      at async TestContext.<anonymous> (F:\002.?몄＜?묒뾽\000.WebApp\TOCS\src\tests\share.integration.test.ts:479:5)
      at async TestHook.run (node:internal/test_runner/test:1332:7)
      at async Test.runHook (node:internal/test_runner/test:1212:9)
      at async after (node:internal/test_runner/test:1265:9)

test at src\tests\version.integration.test.ts:1:10535
??9. createVersion retries once after P2002 and writes VERSION_RETRY audit log (61.7304ms)
  PrismaClientKnownRequestError: 
  Invalid `tx.formulaVersion.create()` invocation in
  F:\002.?몄＜?묒뾽\000.WebApp\TOCS\src\services\version.service.ts:165:47
  
    162 if (input.changedBy !== undefined) versionData.changedBy = input.changedBy;
    163 if (input.changeReason !== undefined) versionData.changeReason = input.changeReason;
    164 
  ??165 const version = await tx.formulaVersion.create(
  Unique constraint failed on the fields: (`formula_id`, `version_no`)
      at zr.handleRequestError (F:\002.?몄＜?묒뾽\000.WebApp\TOCS\node_modules\@prisma\client\src\runtime\RequestHandler.ts:237:13)
      at zr.handleAndLogRequestError (F:\002.?몄＜?묒뾽\000.WebApp\TOCS\node_modules\@prisma\client\src\runtime\RequestHandler.ts:183:12)
      at zr.request (F:\002.?몄＜?묒뾽\000.WebApp\TOCS\node_modules\@prisma\client\src\runtime\RequestHandler.ts:152:12)
      at process.processTicksAndRejections (node:internal/process/task_queues:104:5)
      at async a (F:\002.?몄＜?묒뾽\000.WebApp\TOCS\node_modules\@prisma\client\src\runtime\getPrismaClient.ts:963:24)
      at async <anonymous> (F:\002.?몄＜?묒뾽\000.WebApp\TOCS\src\services\version.service.ts:165:23)
      at async Proxy._transactionWithCallback (F:\002.?몄＜?묒뾽\000.WebApp\TOCS\node_modules\@prisma\client\src\runtime\getPrismaClient.ts:810:18)
      at async VersionService.createVersion (F:\002.?몄＜?묒뾽\000.WebApp\TOCS\src\services\version.service.ts:92:16)
      at async TestContext.<anonymous> (F:\002.?몄＜?묒뾽\000.WebApp\TOCS\src\tests\version.integration.test.ts:447:23)
      at async Test.run (node:internal/test_runner/test:1332:7)

test at src\tests\version.integration.test.ts:1:12348
??10. createVersion throws VersionConflictError after retry exhaustion (38.7877ms)
  AssertionError [ERR_ASSERTION]: The expression evaluated to a falsy value:
  
    assert.ok(error instanceof VersionConflictError)
  
      at Object.<anonymous> (F:\002.?몄＜?묒뾽\000.WebApp\TOCS\src\tests\version.integration.test.ts:520:14)
      at expectedException (node:assert:578:17)
      at expectsError (node:assert:703:21)
      at strict.rejects (node:assert:769:3)
      at process.processTicksAndRejections (node:internal/process/task_queues:104:5)
      at async TestContext.<anonymous> (F:\002.?몄＜?묒뾽\000.WebApp\TOCS\src\tests\version.integration.test.ts:514:3)
      at async Test.run (node:internal/test_runner/test:1332:7)
      at async Test.processPendingSubtests (node:internal/test_runner/test:911:7) {
    generatedMessage: true,
    code: 'ERR_ASSERTION',
    actual: false,
    expected: true,
    operator: '==',
    diff: 'simple'
  }
